<?xml version="1.0" encoding="utf-8"?><testsuites name="pytest tests"><testsuite name="pytest" errors="0" failures="0" skipped="0" tests="4" time="8.963" timestamp="2026-09-12T15:12:42.600886+03:00" hostname="DESKTOP-JQDPLII"><testcase classname="test_api" name="test_httpbin_get" time="0.738" /><testcase classname="test_api" name="test_httpbin_headers" time="0.502" /><testcase classname="test_example" name="test_example_title" time="3.885" /><testcase classname="test_example" name="test_example_page_heading" time="3.717" /></testsuite></testsuites>